// Jest Snapshot v1, https://goo.gl/fbAQLP

exports[`renders UseEnv page unchanged 1`] = `
<div>
  <div
    class="wrapper"
  >
    <h1>
      Value from environment variable: 
      https://test-local.com
    </h1>
  </div>
</div>
`;
